Add reference(s):
* target.html, l10 --> source.ml, l3, 1 line high
