<!DOCTYPE html>
<html>
    <head>
        <meta charset="utf-8" />
        <title>Online documentation</title>
    </head>
    <body>
      <h1> OCaml Documentation </h1>
      <p>
        <!-- distar:source.ml:3:1 -->
        let rec fac n = if n <= 0 then 1 else fac n * (n-1)
      </p>
    </body>
</html><!Doctype html>
