distar
|-source(s): source_1.ml
|-target: target.md
